I'm sorry, but errors were detected in your script. Please correct the
errors listed below, and try again.


The label start is defined twice, at
  File "game/script.rpy", line 13 and
  File "game/script.rpy.bak.rpy", line 10.

The label choice is defined twice, at
  File "game/script.rpy", line 58 and
  File "game/script.rpy.bak.rpy", line 39.

Ren'Py Version: Ren'Py 7.2.1.457
Wed May 22 16:03:02 2019
